python.exe : Creating test database for alias 'default' 
('file:memorydb_default?mode=memory&cache=shared')...
At line:1 char:60
+ ... t\project'; & 'e:\Programming\group project\project\.venv\Scripts\pyt ...
+                 ~~~~~~~~~~~~~~~~~~~~~~~~~~~~~~~~~~~~~~~~~~~~~~~~~~~~~~~~~
    + CategoryInfo          : NotSpecified: (Creating test d...che=shared')... 
   :String) [], RemoteException
    + FullyQualifiedErrorId : NativeCommandError
 

Found 1 test(s).
Operations to perform:
  Synchronize unmigrated apps: messages, staticfiles
  Apply all migrations: accounts, admin, auth, contenttypes, portfolios, sessions
Synchronizing apps without migrations:
  Creating tables...
    Running deferred SQL...
Running migrations:
  Applying accounts.0001_initial... OK
  Applying accounts.0002_alter_user_id... OK
  Applying accounts.0003_user_google_id_user_profile_picture... OK
  Applying contenttypes.0001_initial... OK
  Applying auth.0001_initial... OK
  Applying admin.0001_initial... OK
  Applying admin.0002_logentry_remove_auto_add... OK
  Applying admin.0003_logentry_add_action_flag_choices... OK
  Applying contenttypes.0002_remove_content_type_name... OK
  Applying auth.0002_alter_permission_name_max_length... OK
  Applying auth.0003_alter_user_email_max_length... OK
  Applying auth.0004_alter_user_username_opts... OK
  Applying auth.0005_alter_user_last_login_null... OK
  Applying auth.0006_require_contenttypes_0002... OK
  Applying auth.0007_alter_validators_add_error_messages... OK
  Applying auth.0008_alter_user_username_max_length... OK
  Applying auth.0009_alter_user_last_name_max_length... OK
  Applying auth.0010_alter_group_name_max_length... OK
  Applying auth.0011_update_proxy_permissions... OK
  Applying auth.0012_alter_user_first_name_max_length... OK
  Applying portfolios.0001_initial... OK
test_invalid_education_post_preserves_formset_data (portfolios.tests.Onboarding
TwoTemplateTests.test_invalid_education_post_preserves_formset_data) ... 
[ERROR] 2026-07-05 14:27:48,155 portfolios.views: onboarding_two POST 
validation failed; profile_form.errors={}
[ERROR] 2026-07-05 14:27:48,155 portfolios.views: publication_form.errors={}
[ERROR] 2026-07-05 14:27:48,155 portfolios.views: teaching_form.errors={}
[ERROR] 2026-07-05 14:27:48,155 portfolios.views: 
education_formset.errors=[{}, {"start_year": ["Please enter a start year if 
you provide any education details."]}]
[ERROR] 2026-07-05 14:27:48,155 portfolios.views: 
education_formset.non_form_errors=
FAIL

======================================================================
FAIL: test_invalid_education_post_preserves_formset_data (portfolios.tests.Onbo
ardingTwoTemplateTests.test_invalid_education_post_preserves_formset_data)
----------------------------------------------------------------------
Traceback (most recent call last):
  File "E:\Programming\group project\project\portfolios\tests.py", line 167, 
in test_invalid_education_post_preserves_formset_data
    self.assertContains(response, "Please complete the missing 'Start Year'")
    ~~~~~~~~~~~~~~~~~~~^^^^^^^^^^^^^^^^^^^^^^^^^^^^^^^^^^^^^^^^^^^^^^^^^^^^^^
AssertionError: False is not true : Couldn't find 'Please complete the missing 
'Start Year'' in the following response
b'\xef\xbb\xbf\n\n<!doctype html>\n<html lang="en">\n\n<head>\n    <meta 
charset="utf-8">\n    <meta name="viewport" content="width=device-width, 
initial-scale=1">\n    <title>\nOnboarding\n</title>\n    <link 
href="https://cdn.jsdelivr.net/npm/bootstrap@5.3.8/dist/css/bootstrap.min.css" 
rel="stylesheet"\n        integrity="sha384-sRIl4kxILFvY47J16cr9ZwB07vP4J8+LH7q
KQnuqkuIAvNWLzeN8tE5YBujZqJLB" crossorigin="anonymous">\n    <link rel="icon" 
type="image/png" href="/static/img/icon.png">\n    <link rel="stylesheet" href=
"https://cdn.jsdelivr.net/npm/bootstrap-icons@1.11.1/font/bootstrap-icons.css">
\n    <link rel="stylesheet" 
href="/static/css/global.css">\n</head>\n\n<body>\n    \n<div 
class="steps-wrapper">\n    <!-- Navbar -->\n    <nav class="steps-navbar">\n  
      <a href="" class="steps-brand">\n            <img 
src="/static/img/icon.png" alt="SmartWeb Logo">\n            
<span>SmartWeb</span>\n        </a>\n\n        <!-- Steps Indicator -->\n      
  <div class="steps-indicator">\n            <div class="step-item ">\n        
        <div class="step-circle">1</div>\n                <span>Get 
Started</span>\n            </div>\n            <div 
class="step-line"></div>\n            <div class="step-item active">\n         
       <div class="step-circle">2</div>\n                <span>Academic 
Info</span>\n            </div>\n            <div class="step-line"></div>\n   
         <div class="step-item ">\n                <div 
class="step-circle">3</div>\n                <span>Template Selection</span>\n 
           </div>\n        </div>\n\n        <!-- Actions -->\n        <div 
class="steps-actions">\n            \n<button type="submit" form="step2-form" 
class="btn btn-primary fw-semibold px-4 py-2" id="continue-btn" disabled>\n    
Continue\n</button>\n\n        </div>\n    </nav>\n\n    <!-- Main Content 
-->\n    \n<div class="container-fluid px-4 pt-4" 
data-focus-education="true">\n    \n    <div class="px-0 pt-0">\n        <div 
class="alert alert-danger rounded-3 border-0 shadow-sm" role="alert">\n        
    <div class="fw-semibold">Education details need attention</div>\n          
  <div class="small mt-1">Please complete the missing &#x27;Start Year&#x27; 
field for the education entry you started filling in, or delete that row 
entirely if you do not want to add it.</div>\n        </div>\n    </div>\n    
\n    <div class="container-fluid px-4 py-4">\n        <div class="row 
g-4">\n\n            <aside class="col-md-3">\n                <div 
class="card shadow-sm rounded-3 position-sticky top-0">\n                    
<div class="card-body">\n                        <h6 class="fw-bold 
mb-3">Profile Completion</h6>\n                        <div class="progress 
mb-3 rounded-pill">\n                            <div id="completion-bar" 
class="progress-bar bg-primary rounded-pill" role="progressbar"\n              
                  aria-valuenow="0" aria-valuemin="0" 
aria-valuemax="100"></div>\n                        </div>\n                   
     <p id="completion-pct" class="text-secondary small mb-4">0% 
complete</p>\n                        <nav class="nav flex-column gap-2" 
id="onboarding-sidebar">\n                            \n                       
     <button type="button"\n                                class="btn 
btn-outline-secondary text-start d-flex align-items-center gap-3 rounded-3 
w-100 sidebar-step"\n                                data-step="0">\n          
                      <span class="tracker-dot" id="dot-0"></span>\n           
                     <span>Personal Info</span>\n                            
</button>\n                            \n                            <button 
type="button"\n                                class="btn 
btn-outline-secondary text-start d-flex align-items-center gap-3 rounded-3 
w-100 sidebar-step"\n                                data-step="1">\n          
                      <span class="tracker-dot" id="dot-1"></span>\n           
                     <span>Professional Bio</span>\n                           
 </button>\n                            \n                            <button 
type="button"\n                                class="btn 
btn-outline-secondary text-start d-flex align-items-center gap-3 rounded-3 
w-100 sidebar-step"\n                                data-step="2">\n          
                      <span class="tracker-dot" id="dot-2"></span>\n           
                     <span>Education</span>\n                            
</button>\n                            \n                            <button 
type="button"\n                                class="btn 
btn-outline-secondary text-start d-flex align-items-center gap-3 rounded-3 
w-100 sidebar-step"\n                                data-step="3">\n          
                      <span class="tracker-dot" id="dot-3"></span>\n           
                     <span>Research Interests</span>\n                         
   </button>\n                            \n                            
<button type="button"\n                                class="btn 
btn-outline-secondary text-start d-flex align-items-center gap-3 rounded-3 
w-100 sidebar-step"\n                                data-step="4">\n          
                      <span class="tracker-dot" id="dot-4"></span>\n           
                     <span>Publications</span>\n                            
</button>\n                            \n                            <button 
type="button"\n                                class="btn 
btn-outline-secondary text-start d-flex align-items-center gap-3 rounded-3 
w-100 sidebar-step"\n                                data-step="5">\n          
                      <span class="tracker-dot" id="dot-5"></span>\n           
                     <span>Teaching Load</span>\n                            
</button>\n                            \n                            <button 
type="button"\n                                class="btn 
btn-outline-secondary text-start d-flex align-items-center gap-3 rounded-3 
w-100 sidebar-step"\n                                data-step="6">\n          
                      <span class="tracker-dot" id="dot-6"></span>\n           
                     <span>Contact Details</span>\n                            
</button>\n                            \n                        </nav>\n      
              </div>\n                </div>\n            </aside>\n\n         
   <section class="col-md-9">\n                <form method="post" 
enctype="multipart/form-data" id="step2-form"\n                    
action="/portfolios/onboarding-two/" novalidate>\n                    <input 
type="hidden" name="csrfmiddlewaretoken" 
value="ReqvxknDAfAE0058Ehk0ci9hRxVGYTog8b95WrE6VGgYHwezsWniChTe3wcNxuRk">\n\n  
                  <section class="wizard-section card shadow-sm rounded-3 mb-4 
active" id="section-0" data-step="0">\n                        <div 
class="card-header bg-white border-bottom py-3 px-4">\n                        
    <h5 class="mb-1 fw-bold">Personal Information</h5>\n                       
     <p class="text-secondary small mb-0">Confirm your academic profile 
details.</p>\n                        </div>\n                        <div 
class="card-body p-4">\n                            <div class="row g-4">\n    
                            <div class="col-12 col-lg-4 d-flex flex-column 
align-items-center">\n                                    <label 
for="profile-image-input"\n                                        
class="d-inline-flex align-items-center justify-content-center border 
border-secondary rounded-circle bg-light mb-3 overflow-hidden"\n               
                         id="photo-preview-wrap" style="width:160px; 
height:160px;">\n                                        <div 
class="text-center">\n                                            <div 
class="fs-3 text-secondary mb-1"><i class="bi bi-camera"></i></div>\n          
                                  <div class="small fw-semibold">Upload 
Photo</div>\n                                        </div>\n                  
                  </label>\n                                    <input 
type="file" name="profile_image" class="form-control d-none" 
id="profile-image-input" accept="image/*">\n                                   
 <p class="text-secondary small mt-2">JPG or PNG \xc2\xb7 Max 5MB</p>\n        
                        </div>\n                                <div 
class="col-12 col-lg-8">\n                                    <div class="row 
g-3">\n                                        <div class="col-md-6">\n        
                                    <label class="form-label fw-semibold 
small"\n                                                
for="id_full_name">Full Name</label>\n                                         
   <input type="text" name="full_name" value="Test User" class="form-control" 
placeholder="e.g. Dr. Sarah Johnson" required maxlength="255" 
id="id_full_name">\n                                        </div>\n           
                             <div class="col-md-6">\n                          
                  <label class="form-label fw-semibold small"\n                
                                for="id_academic_title">Academic\n             
                                   Title</label>\n                             
               <input type="text" name="academic_title" value="Dr." 
class="form-control" placeholder="e.g. Associate Professor" required 
maxlength="255" id="id_academic_title">\n                                      
  </div>\n                                        <div class="col-md-6">\n     
                                       <label class="form-label fw-semibold 
small"\n                                                
for="id_institution">Institution</label>\n                                     
       <input type="text" name="institution" value="Test University" 
class="form-control" placeholder="e.g. MIT" required maxlength="255" 
id="id_institution">\n                                        </div>\n         
                               <div class="col-md-6">\n                        
                    <label class="form-label fw-semibold small"\n              
                                  for="id_field_of_study">Field of\n           
                                     Study</label>\n                           
                 <input type="text" name="field_of_study" value="Computer 
Science" class="form-control" placeholder="e.g. Machine Learning, NLP" 
required maxlength="255" id="id_field_of_study">\n                             
           </div>\n                                    </div>\n                
                </div>\n                            </div>\n                   
     </div>\n                        <div class="card-footer bg-white 
border-top d-flex justify-content-between py-3 px-4">\n                        
    <button type="button" class="btn btn-secondary px-4" 
data-wizard-prev="0"\n                                disabled>Back</button>\n 
                           <button type="button" class="btn btn-primary px-4" 
data-wizard-next="0" disabled>Next\n                                
Step</button>\n                        </div>\n                    
</section>\n\n                    <section class="wizard-section card 
shadow-sm rounded-3 mb-4" id="section-1" data-step="1">\n                      
  <div\n                            class="card-header bg-white border-bottom 
py-3 px-4 d-flex justify-content-between align-items-center">\n                
            <div>\n                                <h5 class="mb-1 
fw-bold">Professional Bio</h5>\n                                <p 
class="text-secondary small mb-0">Share your academic story with 
clarity.</p>\n                            </div>\n                        
</div>\n                        <div class="card-body p-4">\n                  
          <label class="form-label fw-semibold small"\n                        
        for="id_bio">Biography</label>\n                            <textarea 
name="bio" cols="40" rows="4" class="form-control" placeholder="Write a short 
academic biography..." required aria-describedby="id_bio_helptext" 
id="id_bio">\nA short bio</textarea>\n                        </div>\n         
               <div class="card-footer bg-white border-top d-flex 
justify-content-between py-3 px-4">\n                            <button 
type="button" class="btn btn-outline-secondary px-4"\n                         
       data-wizard-prev="1">Back</button>\n                            <button 
type="button" class="btn btn-primary px-4" data-wizard-next="1" 
disabled>Next\n                                Step</button>\n                 
       </div>\n                    </section>\n\n                    <section 
class="wizard-section card shadow-sm rounded-3 mb-4" id="section-2" 
data-step="2">\n                        <div class="card-header bg-white 
border-bottom py-3 px-4">\n                            <h5 class="mb-1 
fw-bold">Education</h5>\n                            <p class="text-secondary 
small mb-0">Add your degrees and academic qualifications.</p>\n                
        </div>\n                        <div class="card-body p-4">\n          
                  \n                            <input type="hidden" 
name="education_entries-TOTAL_FORMS" value="2" 
id="id_education_entries-TOTAL_FORMS"><input type="hidden" 
name="education_entries-INITIAL_FORMS" value="0" 
id="id_education_entries-INITIAL_FORMS"><input type="hidden" 
name="education_entries-MIN_NUM_FORMS" 
id="id_education_entries-MIN_NUM_FORMS"><input type="hidden" 
name="education_entries-MAX_NUM_FORMS" value="1000" 
id="id_education_entries-MAX_NUM_FORMS">\n                            <div 
id="edu-container">\n                                \n                        
        <div class="edu-row repeatable-card">\n                                
    <input type="hidden" name="education_entries-0-id" 
id="id_education_entries-0-id"><input type="hidden" 
name="education_entries-0-profile" id="id_education_entries-0-profile">\n      
                              <div class="repeatable-card-header">\n           
                             <div class="repeatable-card-title">Education 
#1</div>\n                                        <button type="button" 
class="remove-row-btn"\n                                            
onclick="this.closest(\'.edu-row\').remove(); updateStepButtons(); 
updateRepeatableSectionTitles();"><i\n                                         
       class="bi bi-trash"></i></button>\n                                    
</div>\n                                    <div class="row g-3">\n            
                            <div class="col-md-6">\n                           
                 <label class="form-label fw-semibold small">Degree</label>\n  
                                          <input type="text" 
name="education_entries-0-degree" value="PhD" class="form-control" 
placeholder="e.g. Ph.D." maxlength="100" 
aria-describedby="id_education_entries-0-degree_helptext" 
id="id_education_entries-0-degree">\n                                        
</div>\n                                        <div class="col-md-6">\n       
                                     <label class="form-label fw-semibold 
small">Field of Study</label>\n                                            
<input type="text" name="education_entries-0-field_of_study" value="Computer 
Science" class="form-control" placeholder="e.g. Computer Science" 
maxlength="255" 
aria-describedby="id_education_entries-0-field_of_study_helptext" 
id="id_education_entries-0-field_of_study">\n                                  
      </div>\n                                        <div class="col-md-6">\n 
                                           <label class="form-label 
fw-semibold small">Institution</label>\n                                       
     <input type="text" name="education_entries-0-institution" value="MIT" 
class="form-control" placeholder="e.g. MIT" maxlength="255" 
id="id_education_entries-0-institution">\n                                     
   </div>\n                                        <div class="col-md-3">\n    
                                        <label class="form-label fw-semibold 
small">Start Year</label>\n                                            \n      
                                      <input type="number" 
name="education_entries-0-start_year"\n                                        
        id="id_education_entries-0-start_year"\n                               
                 value="2020"\n                                                
class="form-control" placeholder="e.g. 2018">\n                                
            \n                                            <div 
class="education-inline-error d-none"></div>\n                                 
       </div>\n                                        <div 
class="col-md-3">\n                                            <label 
class="form-label fw-semibold small">End Year</label>\n                        
                    <input type="number" name="education_entries-0-end_year" 
value="2024" class="form-control" placeholder="e.g. 2022 (leave blank if 
ongoing)" min="0" aria-describedby="id_education_entries-0-end_year_helptext" 
id="id_education_entries-0-end_year">\n                                        
</div>\n                                        <div class="col-md-12">\n      
                                      <label class="form-label fw-semibold 
small">Description</label>\n                                            
<textarea name="education_entries-0-description" cols="40" rows="2" 
class="form-control" placeholder="Dissertation title, advisor..." 
aria-describedby="id_education_entries-0-description_helptext" 
id="id_education_entries-0-description">\nDissertation</textarea>\n            
                            </div>\n                                        
<div class="col-md-6">\n                                            <label 
class="form-label fw-semibold small">Honor</label>\n                           
                 <input type="text" name="education_entries-0-honor" 
value="Summa Cum Laude" class="form-control" placeholder="e.g. Summa Cum Laude 
(optional)" maxlength="100" 
aria-describedby="id_education_entries-0-honor_helptext" 
id="id_education_entries-0-honor">\n                                        
</div>\n                                    </div>\n                           
     </div>\n                                \n                                
<div class="edu-row repeatable-card">\n                                    
<input type="hidden" name="education_entries-1-id" 
id="id_education_entries-1-id"><input type="hidden" 
name="education_entries-1-profile" id="id_education_entries-1-profile">\n      
                              <div class="repeatable-card-header">\n           
                             <div class="repeatable-card-title">Education 
#2</div>\n                                        <button type="button" 
class="remove-row-btn"\n                                            
onclick="this.closest(\'.edu-row\').remove(); updateStepButtons(); 
updateRepeatableSectionTitles();"><i\n                                         
       class="bi bi-trash"></i></button>\n                                    
</div>\n                                    <div class="row g-3">\n            
                            <div class="col-md-6">\n                           
                 <label class="form-label fw-semibold small">Degree</label>\n  
                                          <input type="text" 
name="education_entries-1-degree" value="MSc" class="form-control" 
placeholder="e.g. Ph.D." maxlength="100" 
aria-describedby="id_education_entries-1-degree_helptext" 
id="id_education_entries-1-degree">\n                                        
</div>\n                                        <div class="col-md-6">\n       
                                     <label class="form-label fw-semibold 
small">Field of Study</label>\n                                            
<input type="text" name="education_entries-1-field_of_study" value="AI" 
class="form-control" placeholder="e.g. Computer Science" maxlength="255" 
aria-describedby="id_education_entries-1-field_of_study_helptext" 
id="id_education_entries-1-field_of_study">\n                                  
      </div>\n                                        <div class="col-md-6">\n 
                                           <label class="form-label 
fw-semibold small">Institution</label>\n                                       
     <input type="text" name="education_entries-1-institution" 
value="Stanford" class="form-control" placeholder="e.g. MIT" maxlength="255" 
id="id_education_entries-1-institution">\n                                     
   </div>\n                                        <div class="col-md-3">\n    
                                        <label class="form-label fw-semibold 
small">Start Year</label>\n                                            \n      
                                      <input type="number" 
name="education_entries-1-start_year"\n                                        
        id="id_education_entries-1-start_year"\n                               
                 value=""\n                                                
class="form-control is-invalid" placeholder="e.g. 2018">\n                     
                       <div class="invalid-feedback d-block">Start year is 
required</div>\n                                            \n                 
                           <div class="education-inline-error d-none"></div>\n 
                                       </div>\n                                
        <div class="col-md-3">\n                                            
<label class="form-label fw-semibold small">End Year</label>\n                 
                           <input type="number" 
name="education_entries-1-end_year" value="2021" class="form-control" 
placeholder="e.g. 2022 (leave blank if ongoing)" min="0" 
aria-describedby="id_education_entries-1-end_year_helptext" 
id="id_education_entries-1-end_year">\n                                        
</div>\n                                        <div class="col-md-12">\n      
                                      <label class="form-label fw-semibold 
small">Description</label>\n                                            
<textarea name="education_entries-1-description" cols="40" rows="2" 
class="form-control" placeholder="Dissertation title, advisor..." 
aria-describedby="id_education_entries-1-description_helptext" 
id="id_education_entries-1-description">\nResearch assistant</textarea>\n      
                                  </div>\n                                     
   <div class="col-md-6">\n                                            <label 
class="form-label fw-semibold small">Honor</label>\n                           
                 <input type="text" name="education_entries-1-honor" 
class="form-control" placeholder="e.g. Summa Cum Laude (optional)" 
maxlength="100" aria-describedby="id_education_entries-1-honor_helptext" 
id="id_education_entries-1-honor">\n                                        
</div>\n                                    </div>\n                           
     </div>\n                                \n                            
</div>\n                            <div id="edu-empty" class="d-none">\n      
                          <p>\n    <label 
for="id_education_entries-__prefix__-degree">Degree:</label>\n    <input 
type="text" name="education_entries-__prefix__-degree" class="form-control" 
placeholder="e.g. Ph.D." maxlength="100" 
aria-describedby="id_education_entries-__prefix__-degree_helptext" 
id="id_education_entries-__prefix__-degree">\n    \n      <span 
class="helptext" id="id_education_entries-__prefix__-degree_helptext">e.g. 
\'Ph.D.\', \'M.Sc.\', \'B.Sc.\'</span>\n    \n    \n  </p>\n\n  \n  <p>\n    
<label for="id_education_entries-__prefix__-field_of_study">Field of 
study:</label>\n    <input type="text" 
name="education_entries-__prefix__-field_of_study" class="form-control" 
placeholder="e.g. Computer Science" maxlength="255" 
aria-describedby="id_education_entries-__prefix__-field_of_study_helptext" 
id="id_education_entries-__prefix__-field_of_study">\n    \n      <span 
class="helptext" 
id="id_education_entries-__prefix__-field_of_study_helptext">e.g. \'in 
Computer Science\'</span>\n    \n    \n  </p>\n\n  \n  <p>\n    <label 
for="id_education_entries-__prefix__-institution">Institution:</label>\n    
<input type="text" name="education_entries-__prefix__-institution" 
class="form-control" placeholder="e.g. MIT" maxlength="255" 
id="id_education_entries-__prefix__-institution">\n    \n    \n  </p>\n\n  \n  
<p>\n    <label for="id_education_entries-__prefix__-start_year">Start 
year:</label>\n    <input type="number" 
name="education_entries-__prefix__-start_year" class="form-control" 
placeholder="e.g. 2018" min="0" 
id="id_education_entries-__prefix__-start_year">\n    \n    \n  </p>\n\n  \n  
<p>\n    <label for="id_education_entries-__prefix__-end_year">End 
year:</label>\n    <input type="number" 
name="education_entries-__prefix__-end_year" class="form-control" 
placeholder="e.g. 2022 (leave blank if ongoing)" min="0" 
aria-describedby="id_education_entries-__prefix__-end_year_helptext" 
id="id_education_entries-__prefix__-end_year">\n    \n      <span 
class="helptext" id="id_education_entries-__prefix__-end_year_helptext">Leave 
blank if ongoing</span>\n    \n    \n  </p>\n\n  \n  <p>\n    <label 
for="id_education_entries-__prefix__-description">Description:</label>\n    
<textarea name="education_entries-__prefix__-description" cols="40" rows="2" 
class="form-control" placeholder="Dissertation title, advisor..." 
aria-describedby="id_education_entries-__prefix__-description_helptext" 
id="id_education_entries-__prefix__-description">\n</textarea>\n    \n      
<span class="helptext" 
id="id_education_entries-__prefix__-description_helptext">Dissertation title, 
advisor, concentration, minor...</span>\n    \n    \n  </p>\n\n  \n  <p>\n    
<label for="id_education_entries-__prefix__-honor">Honor:</label>\n    <input 
type="text" name="education_entries-__prefix__-honor" class="form-control" 
placeholder="e.g. Summa Cum Laude (optional)" maxlength="100" 
aria-describedby="id_education_entries-__prefix__-honor_helptext" 
id="id_education_entries-__prefix__-honor">\n    \n      <span 
class="helptext" id="id_education_entries-__prefix__-honor_helptext">Award 
badge (optional)</span>\n    \n    \n  </p>\n\n  \n  <p>\n    <label 
for="id_education_entries-__prefix__-DELETE">Delete:</label>\n    <input 
type="checkbox" name="education_entries-__prefix__-DELETE" 
id="id_education_entries-__prefix__-DELETE">\n    \n    \n      <input 
type="hidden" name="education_entries-__prefix__-id" 
id="id_education_entries-__prefix__-id"><input type="hidden" 
name="education_entries-__prefix__-profile" value="1" 
id="id_education_entries-__prefix__-profile">\n    \n  </p>\n                  
          </div>\n                            <button type="button"\n          
                      class="btn btn-outline-secondary d-inline-flex 
align-items-center justify-content-center rounded-3 w-100 mt-4 py-3"\n         
                       data-add-edu>\n                                <i 
class="bi bi-plus-lg me-2"></i> Add Another Degree\n                           
 </button>\n                            \n                        </div>\n     
                   <div class="card-footer bg-white border-top d-flex 
justify-content-between py-3 px-4">\n                            <button 
type="button" class="btn btn-outline-secondary px-4"\n                         
       data-wizard-prev="2">Back</button>\n                            <button 
type="button" class="btn btn-primary px-4" data-wizard-next="2" 
disabled>Next\n                                Step</button>\n                 
       </div>\n                    </section>\n\n                    <section 
class="wizard-section card shadow-sm rounded-3 mb-4" id="section-3" 
data-step="3">\n                        <div class="card-header bg-white 
border-bottom py-3 px-4">\n                            <h5 class="mb-1 
fw-bold">Research Interests</h5>\n                            <p 
class="text-secondary small mb-0">Tag the topics that describe your 
expertise.</p>\n                        </div>\n                        <div 
class="card-body p-4">\n                            <div class="d-flex 
flex-wrap gap-2 mb-3">\n                                <span 
class="tag-item">Machine Learning <span 
class="remove-tag">\xc3\x97</span></span>\n                                
<span class="tag-item">HCI <span class="remove-tag">\xc3\x97</span></span>\n   
                         </div>\n                            <p 
class="text-secondary small mb-2">This section is optional \xe2\x80\x94 we\'ve 
suggested some\n                                interests\n                    
            based on your CV, feel free to edit or leave blank.</p>\n          
                  <div class="tag-input-box" id="tag-box">\n                   
             <input type="text" id="tag-input" class="form-control"\n          
                          placeholder="Add a research tag\xe2\x80\xa6">\n      
                      </div>\n                            <input type="hidden" 
name="research_interests" id="research-interests-val">\n                       
     <p class="text-secondary small mt-2">Press Enter or comma to save each 
keyword.</p>\n                        </div>\n                        <div 
class="card-footer bg-white border-top d-flex justify-content-between py-3 
px-4">\n                            <button type="button" class="btn 
btn-outline-secondary px-4"\n                                
data-wizard-prev="3">Back</button>\n                            <button 
type="button" class="btn btn-primary px-4" data-wizard-next="3" 
disabled>Next\n                                Step</button>\n                 
       </div>\n                    </section>\n\n                    <section 
class="wizard-section card shadow-sm rounded-3 mb-4" id="section-4" 
data-step="4">\n                        <div\n                            
class="card-header bg-white border-bottom py-3 px-4 d-flex 
justify-content-between align-items-center">\n                            
<div>\n                                <h5 class="mb-1 fw-bold">Key 
Publications</h5>\n                                <p class="text-secondary 
small mb-0">Link your most significant academic output.</p>\n                  
          </div>\n                            <button type="button" class="btn 
btn-sm btn-outline-secondary">Fetch from Scholar</button>\n                    
    </div>\n                        <div class="card-body p-4">\n              
              <div id="pub-container">\n                                <div 
class="pub-row repeatable-card">\n                                    <div 
class="repeatable-card-header">\n                                        <div 
class="repeatable-card-title">Publication #1</div>\n                           
             <button type="button" class="remove-row-btn"\n                    
                        onclick="this.closest(\'.pub-row\').remove(); 
updateStepButtons(); updateRepeatableSectionTitles();"><i\n                    
                            class="bi bi-trash"></i></button>\n                
                    </div>\n                                    <div 
class="row g-3">\n                                        <div 
class="col-md-6">\n                                            <label 
class="form-label fw-semibold small"\n                                         
       for="id_title">Title</label>\n                                          
  <input type="text" name="title" class="form-control" 
placeholder="Publication title" maxlength="255" id="id_title">\n               
                         </div>\n                                        <div 
class="col-md-6">\n                                            <label 
class="form-label fw-semibold small"\n                                         
       for="id_publication_date">Publication\n                                 
               Date</label>\n                                            
<input type="date" name="publication_date" value="" class="form-control" 
id="id_publication_date">\n                                        </div>\n    
                                    <div class="col-md-6">\n                   
                         <label class="form-label fw-semibold small"\n         
                                       for="id_pdf_link">PDF Link</label>\n    
                                        <input type="url" name="pdf_link" 
class="form-control" placeholder="https://..." id="id_pdf_link">\n             
                           </div>\n                                        
<div class="col-md-6">\n                                            <label 
class="form-label fw-semibold small"\n                                         
       for="id_github_link">GitHub\n                                           
     Link</label>\n                                            <input 
type="url" name="github_link" class="form-control" 
placeholder="https://github.com/..." maxlength="500" id="id_github_link">\n    
                                    </div>\n                                   
 </div>\n                                </div>\n                            
</div>\n                            <button type="button"\n                    
            class="btn btn-outline-secondary d-inline-flex align-items-center 
justify-content-center rounded-3 w-100 mt-4 py-3"\n                            
    data-add-pub>\n                                <i class="bi bi-plus-lg 
me-2"></i> Add Another Publication\n                            </button>\n    
                    </div>\n                        <div class="card-footer 
bg-white border-top d-flex justify-content-between py-3 px-4">\n               
             <button type="button" class="btn btn-outline-secondary px-4"\n    
                            data-wizard-prev="4">Back</button>\n               
             <button type="button" class="btn btn-primary px-4" 
data-wizard-next="4" disabled>Next\n                                
Step</button>\n                        </div>\n                    
</section>\n\n                    <section class="wizard-section card 
shadow-sm rounded-3 mb-4" id="section-5" data-step="5">\n                      
  <div class="card-header bg-white border-bottom py-3 px-4">\n                 
           <h5 class="mb-1 fw-bold">Teaching Load</h5>\n                       
     <p class="text-secondary small mb-0">Document courses and supporting 
materials.</p>\n                        </div>\n                        <div 
class="card-body p-4">\n                            <div 
id="teach-container">\n                                <div class="teach-row 
repeatable-card">\n                                    <div 
class="repeatable-card-header">\n                                        <div 
class="repeatable-card-title">Teaching #1</div>\n                              
          <button type="button" class="remove-row-btn"\n                       
                     onclick="this.closest(\'.teach-row\').remove(); 
updateStepButtons(); updateRepeatableSectionTitles();"><i\n                    
                            class="bi bi-trash"></i></button>\n                
                    </div>\n                                    <div 
class="row g-3">\n                                        <div 
class="col-md-6">\n                                            <label 
class="form-label fw-semibold small"\n                                         
       for="id_course_name">Course Name</label>\n                              
              <input type="text" name="course_name" class="form-control" 
placeholder="e.g. Machine Learning 101" maxlength="45" id="id_course_name">\n  
                                      </div>\n                                 
       <div class="col-md-6">\n                                            
<label class="form-label fw-semibold small"\n                                  
              for="id_semester">Semester</label>\n                             
               <input type="text" name="semester" class="form-control" 
placeholder="e.g. Fall 2024" maxlength="45" id="id_semester">\n                
                        </div>\n                                        <div 
class="col-md-8">\n                                            <label 
class="form-label fw-semibold small"\n                                         
       for="id_description">Description</label>\n                              
              <textarea name="description" cols="40" rows="3" 
class="form-control" placeholder="Course description..." 
id="id_description">\n</textarea>\n                                        
</div>\n                                        <div class="col-md-4">\n       
                                     <label class="form-label fw-semibold 
small"\n                                                
for="id_syllabus_link">Syllabus\n                                              
  Link</label>\n                                            <input type="url" 
name="syllabus_link" class="form-control" placeholder="https://..." 
maxlength="200" id="id_syllabus_link">\n                                       
 </div>\n                                    </div>\n                          
      </div>\n                            </div>\n                            
<button type="button"\n                                class="btn 
btn-outline-secondary d-inline-flex align-items-center justify-content-center 
rounded-3 w-100 mt-4 py-3"\n                                data-add-course>\n 
                               <i class="bi bi-plus-lg me-2"></i> Add Another 
Course\n                            </button>\n                        
</div>\n                        <div class="card-footer bg-white border-top 
d-flex justify-content-between py-3 px-4">\n                            
<button type="button" class="btn btn-outline-secondary px-4"\n                 
               data-wizard-prev="5">Back</button>\n                            
<button type="button" class="btn btn-primary px-4" data-wizard-next="5" 
disabled>Next\n                                Step</button>\n                 
       </div>\n                    </section>\n\n                    <section 
class="wizard-section card shadow-sm rounded-3 mb-4" id="section-6" 
data-step="6">\n                        <div\n                            
class="card-header bg-white border-bottom py-3 px-4 d-flex 
justify-content-between align-items-center">\n                            
<div>\n                                <h5 class="mb-1 fw-bold">Contact & 
Social Networks</h5>\n                                <p class="text-secondary 
small mb-0">Sync your academic profile endpoints.</p>\n                        
    </div>\n                            <button type="button" class="btn 
btn-sm btn-outline-secondary">Sync Profiles</button>\n                        
</div>\n                        <div class="card-body p-4">\n                  
          <div class="row g-3">\n                                <div 
class="col-md-6">\n                                    <label 
class="form-label fw-semibold small"\n                                        
for="id_google_scholar">Google Scholar</label>\n                               
     <input type="url" name="google_scholar" class="form-control" 
placeholder="https://scholar.google.com/..." maxlength="200" 
id="id_google_scholar">\n                                </div>\n              
                  <div class="col-md-6">\n                                    
<label class="form-label fw-semibold small"\n                                  
      for="id_research_gate">ResearchGate</label>\n                            
        <input type="url" name="research_gate" class="form-control" 
placeholder="https://www.researchgate.net/..." maxlength="200" 
id="id_research_gate">\n                                </div>\n               
             </div>\n                        </div>\n                        
<div class="card-footer bg-white border-top d-flex justify-content-between 
py-3 px-4">\n                            <button type="button" class="btn 
btn-outline-secondary px-4"\n                                
data-wizard-prev="6">Back</button>\n                            <button 
type="submit" class="btn btn-primary px-4" id="go-step3-btn">Submit &\n        
                        Continue</button>\n                        </div>\n    
                </section>\n\n                </form>\n            
</section>\n        </div>\n    </div>\n    \n</div><!-- /steps-wrapper 
-->\n\n    <script src="https://cdn.jsdelivr.net/npm/bootstrap@5.3.8/dist/js/bo
otstrap.bundle.min.js"\n        integrity="sha384-FKyoEForCGlyvwx9Hj09JcYn3nv7w
iPVlz7YYwJrWVcXK/BmnVDxM+D2scQbITxI"\n        
crossorigin="anonymous"></script>\n    <script 
src="/static/js/scripts.js"></script>\n\n</body>\n\n</html>'

----------------------------------------------------------------------
Ran 1 test in 0.048s

FAILED (failures=1)
Destroying test database for alias 'default' 
('file:memorydb_default?mode=memory&cache=shared')...

  Applying sessions.0001_initial... OK
System check identified no issues (0 silenced).
